// Jest Snapshot v1, https://goo.gl/fbAQLP

exports[`Should render expenseListItem with expense 1`] = `
<div>
  <Link
    replace={false}
    to="/edit/2"
  >
    <h2>
      Rent
    </h2>
  </Link>
  <p>
    $1,095.00
    -
    December 27th, 1969
  </p>
</div>
`;
